// Jest Snapshot v1, https://goo.gl/fbAQLP

exports[`renders without crashing 1`] = `
<div
  className="App"
>
  <header
    className="App-header"
  >
    <h1
      className="App-title"
    >
      Trending TV Shows
    </h1>
  </header>
  <section>
    <MovieList />
  </section>
</div>
`;
